2026-08-20T17:22:36.264Z  J3 — post-11-garage--D.jpg
2026-08-20T17:22:46.104Z  Publié → https://www.instagram.com/p/DcRShADlL2B/
2026-08-21T16:50:42.646Z  J4 — j04-agent-ia--D.jpg
2026-08-21T16:50:57.218Z  Publié → https://www.instagram.com/p/DcTzqUEFYj5/
2026-08-22T16:39:37.925Z  J5 — j05-pourquoi-ici--D.jpg
2026-08-22T16:39:49.178Z  Publié → https://www.instagram.com/p/DcWXMEioN_6/
2026-08-23T21:04:16.062Z  J6 — post-07-pas-les-grosses--D.jpg
2026-08-23T21:04:27.859Z  Publié → https://www.instagram.com/p/DcZaROpHw-e/
2026-08-23T21:14:06.055Z  J6 — reel-pov-garage-2d.mp4
2026-08-23T21:14:46.394Z  Publié → https://www.instagram.com/reel/DcZbZ16DTMm/
2026-08-24T16:16:44.975Z  J8 — carrousel-02-facture-electronique
2026-08-24T16:17:29.306Z  Publie -> https://www.instagram.com/p/DcbeOP8FoXw/
2026-08-25T16:18:44.983Z  J9 — reel-ia-doit-se-dire-v4.mp4
2026-08-25T16:19:25.337Z  Publié → https://www.instagram.com/reel/DceDMVXDjzk/
2026-08-26T16:38:22.330Z  J10 — carrousel-08-confidentialite
2026-08-26T16:39:10.436Z  Publie -> https://www.instagram.com/p/DcgqStNFhu0/
2026-08-28T00:36:34.545Z  J11 — carrousel-06-essayer-vs-utiliser
2026-08-28T00:37:13.282Z  Publie -> https://www.instagram.com/p/DckFzNWliuC/
2026-08-29T00:07:40.078Z  J12 — reel-sans-jargon-v2.mp4
2026-08-29T00:08:18.600Z  Publié → https://www.instagram.com/reel/DcmnPkKAMCP/
2026-08-29T18:52:50.889Z  J13 — carrousel-07-enregistrer-appels
2026-08-29T18:53:36.921Z  Publie -> https://www.instagram.com/p/DcooECGIFpg/
2026-08-30T18:48:42.881Z  J14 — reel-facture-electronique-v3.mp4
2026-08-30T18:49:21.006Z  Publié → https://www.instagram.com/reel/DcrMVHkgMF2/
